components/admin/ecommerce/ProductosNoPublicados.tsx(28,33): error TS2345: Argument of type '{ producto_id: number; activo: true; precio_publico: number; orden_display: number; }' is not assignable to parameter of type '{ activo?: boolean | null | undefined; created_at?: string | null | undefined; descripcion_seo?: string | null | undefined; destacado?: boolean | null | undefined; disponible_mayorista?: boolean | ... 1 more ... | undefined; ... 15 more ...; visitas?: number | ... 1 more ... | undefined; }'.
  Property 'slug' is missing in type '{ producto_id: number; activo: true; precio_publico: number; orden_display: number; }' but required in type '{ activo?: boolean | null | undefined; created_at?: string | null | undefined; descripcion_seo?: string | null | undefined; destacado?: boolean | null | undefined; disponible_mayorista?: boolean | ... 1 more ... | undefined; ... 15 more ...; visitas?: number | ... 1 more ... | undefined; }'.
components/ui/form.tsx(4,33): error TS2307: Cannot find module '@radix-ui/react-label' or its corresponding type declarations.
components/ui/form.tsx(16,23): error TS2307: Cannot find module '@/registry/default/ui/label' or its corresponding type declarations.
modules/contenedores/actions.ts(117,46): error TS2538: Type 'null' cannot be used as an index type.
modules/ecommerce/queries.ts(340,17): error TS2339: Property 'cat_marcas' does not exist on type '{ activo: boolean | null; created_at: string | null; descripcion_seo: string | null; destacado: boolean | null; disponible_mayorista: boolean | null; en_oferta: boolean | null; ... 15 more ...; productos: { ...; }; }'.
modules/ecommerce/queries.ts(341,23): error TS2339: Property 'cat_tipo_prenda' does not exist on type '{ activo: boolean | null; created_at: string | null; descripcion_seo: string | null; destacado: boolean | null; disponible_mayorista: boolean | null; en_oferta: boolean | null; ... 15 more ...; productos: { ...; }; }'.
modules/ecommerce/queries.ts(342,18): error TS2339: Property 'cat_generos' does not exist on type '{ activo: boolean | null; created_at: string | null; descripcion_seo: string | null; destacado: boolean | null; disponible_mayorista: boolean | null; en_oferta: boolean | null; ... 15 more ...; productos: { ...; }; }'.
modules/inventario/actions.ts(68,5): error TS2322: Type 'number | undefined' is not assignable to type 'number'.
  Type 'undefined' is not assignable to type 'number'.
tests/e2e/cajas.spec.ts(50,11): error TS2552: Cannot find name 'selectOption'. Did you mean 'selectNthOption'?
